  Determining projects to restore...
  Nothing to do. None of the projects specified contain packages to restore.
E:\UnityProject\Gamasot\Assets\Scripts\Architecture\SynergyData.cs(33,28): error CS1061: 'IEffect' does not contain a definition for 'Apply' and no accessible extension method 'Apply' accepting a first argument of type 'IEffect' could be found (are you missing a using directive or an assembly reference?) [E:\UnityProject\Gamasot\Assembly-CSharp.csproj]
E:\UnityProject\Gamasot\Assets\Scripts\Architecture\EventBus.cs(15,29): warning CS0414: The field 'EventBus<TEvent>._isIterating' is assigned but its value is never used [E:\UnityProject\Gamasot\Assembly-CSharp.csproj]

Build FAILED.

E:\UnityProject\Gamasot\Assets\Scripts\Architecture\EventBus.cs(15,29): warning CS0414: The field 'EventBus<TEvent>._isIterating' is assigned but its value is never used [E:\UnityProject\Gamasot\Assembly-CSharp.csproj]
E:\UnityProject\Gamasot\Assets\Scripts\Architecture\SynergyData.cs(33,28): error CS1061: 'IEffect' does not contain a definition for 'Apply' and no accessible extension method 'Apply' accepting a first argument of type 'IEffect' could be found (are you missing a using directive or an assembly reference?) [E:\UnityProject\Gamasot\Assembly-CSharp.csproj]
    1 Warning(s)
    1 Error(s)

Time Elapsed 00:00:00.84
