  蹂듭썝???꾨줈?앺듃瑜??뺤씤?섎뒗 以?..
  ?섑뻾???묒뾽???놁뒿?덈떎. 吏?뺥븳 ?꾨줈?앺듃??蹂듭썝???⑦궎吏媛 ?놁뒿?덈떎.
e:\UnityProject\Gamasot\Assets\Scripts\Architecture\SynergyData.cs(33,28): error CS1061: 'IEffect'?먮뒗 'Apply'??????뺤쓽媛 ?ы븿?섏뼱 ?덉? ?딄퀬, 'IEffect' ?뺤떇??泥?踰덉㎏ ?몄닔瑜??덉슜?섎뒗 ?≪꽭??媛?ν븳 ?뺤옣 硫붿꽌??'Apply'??媛) ?놁뒿?덈떎. using 吏?쒕Ц ?먮뒗 ?댁뀍釉붾━ 李몄“媛 ?덈뒗吏 ?뺤씤?섏꽭?? [e:\UnityProject\Gamasot\Assembly-CSharp.csproj]
e:\UnityProject\Gamasot\Assets\Scripts\Architecture\EventBus.cs(15,29): warning CS0414: 'EventBus<TEvent>._isIterating' ?꾨뱶媛 ?좊떦?섏뿀吏留??ъ슜?섏? ?딆븯?듬땲?? [e:\UnityProject\Gamasot\Assembly-CSharp.csproj]

鍮뚮뱶?섏? 紐삵뻽?듬땲??

e:\UnityProject\Gamasot\Assets\Scripts\Architecture\EventBus.cs(15,29): warning CS0414: 'EventBus<TEvent>._isIterating' ?꾨뱶媛 ?좊떦?섏뿀吏留??ъ슜?섏? ?딆븯?듬땲?? [e:\UnityProject\Gamasot\Assembly-CSharp.csproj]
e:\UnityProject\Gamasot\Assets\Scripts\Architecture\SynergyData.cs(33,28): error CS1061: 'IEffect'?먮뒗 'Apply'??????뺤쓽媛 ?ы븿?섏뼱 ?덉? ?딄퀬, 'IEffect' ?뺤떇??泥?踰덉㎏ ?몄닔瑜??덉슜?섎뒗 ?≪꽭??媛?ν븳 ?뺤옣 硫붿꽌??'Apply'??媛) ?놁뒿?덈떎. using 吏?쒕Ц ?먮뒗 ?댁뀍釉붾━ 李몄“媛 ?덈뒗吏 ?뺤씤?섏꽭?? [e:\UnityProject\Gamasot\Assembly-CSharp.csproj]
    寃쎄퀬 1媛?
    ?ㅻ쪟 1媛?

寃쎄낵 ?쒓컙: 00:00:00.98
